
------------------------------------------------------------------------------
                              ORCA PROPERTY CALCULATIONS
------------------------------------------------------------------------------

GBWName                                 ... syntax_nmr_for_mag_cap.gbw
Number of atoms                         ...      4
Number of basis functions               ...     12
Max core memory                         ...   4096 MB

Electric properties:
Dipole moment                           ... YES
Quadrupole moment                       ...  NO
Static polarizability (Dipole/Dipole)   ...  NO
Static polarizability (Dipole/Quad.)    ...  NO
Static polarizability (Quad./Quad.)     ...  NO
Static polarizability (Velocity)        ...  NO
Static hyperpolarizability              ...  NO

Atomic electric properties:
Dipole moment                           ...  NO
Quadrupole moment                       ...  NO
Static polarizability                   ...  NO

Choice of electric origin               ... Center of mass
Position of electric origin             ...     1.132174     0.000000     0.000000

General magnetic properties:
Magnetizability                         ... YES

EPR properties:
g-Tensor (aka g-matrix)                 ...  NO
Zero-Field splitting spin-orbit         ...  NO
Zero-field splitting spin-spin          ...  NO
Hyperfine couplings                     ...  NO (   0 nuclei)
Quadrupole couplings                    ...  NO (   0 nuclei)
Contact density                         ...  NO (   0 nuclei)

NMR properties:
Chemical shifts                         ...  NO (   4 nuclei)
Spin-rotation constants                 ...  NO (   0 nuclei)
Spin-spin couplings                     ...  NO (   0 nuclei,    0 pairs)

Choice of magnetic origin               ... GIAO
Position of magnetic origin             ...     0.000000     0.000000     0.000000

Properties with geometric perturbations:
SCF Hessian                             ...  NO
IR spectrum                             ...  NO
VCD spectrum                            ...  NO
X-ray spectroscopy properties:
SCF XES/XAS/RIXS spectra                ...  NO

SCF SOC stabilization energy            ...  NO
Diagonal Born-Oppenheimer correction    ...  NO

-------------
DIPOLE MOMENT
-------------

Method             : SCF
Type of density    : Electron Density
Multiplicity       :   1
Irrep              :   0
Energy             :  -112.3536430922697633 Eh
Basis              : AO
                                X                 Y                 Z
Electronic contribution:      1.645107038      -0.000000000       0.000000000
Nuclear contribution   :     -2.241087056       0.000000000       0.000000000
                        -----------------------------------------
Total Dipole Moment    :     -0.595980018      -0.000000000       0.000000000
                        -----------------------------------------
Magnitude (a.u.)       :      0.595980018
Magnitude (Debye)      :      1.514860818



--------------------
Rotational spectrum 
--------------------
 
Rotational constants in cm-1:             9.564952             1.298077             1.142963 
Rotational constants in MHz :        286750.033019         38915.373283         34265.182478 

Dipole components along the rotational axes: 
x,y,z [a.u.] :    -0.595980    -0.000000     0.000000 
x,y,z [Debye]:    -1.514861    -0.000000     0.000000 

 

Dipole moment calculation done in   0.0 sec 


----------------------
MAGNETIZABILITY TENSOR
----------------------

Method             : SCF
Type of density    : Electron Density
Type of derivative : Magnetic Field (with GIAOs) (Direction=X)
Multiplicity       :   1
Irrep              :   0
Basis              : AO

Paramagnetic magnetizability tensor (au):
       5.079972969        -0.000000000         0.000000000  
      -0.000000000         3.747538600         0.000000000  
       0.000000000         0.000000000         0.535657119  

Principal values (diagonalized tensor): 
       0.535657119         3.747538600         5.079972969  

Principal axes (orientation): 
      -0.000000000         0.000000000        -1.000000000  
      -0.000000000         1.000000000         0.000000000  
       1.000000000         0.000000000        -0.000000000  

Isotropic (paramagnetic) magnetizability :   3.12106


Magnetizability tensor calculation done in   0.0 sec 

Maximum memory used throughout the entire PROP-calculation: 4.0 MB
